{
  "version": "1.5.0",
  "plugins_used": [
    {
      "name": "ArtifactoryDetector"
    },
    {
      "name": "AWSKeyDetector"
    },
    {
      "name": "AzureStorageKeyDetector"
    },
    {
      "name": "Base64HighEntropyString",
      "limit": 4.5
    },
    {
      "name": "BasicAuthDetector"
    },
    {
      "name": "CloudantDetector"
    },
    {
      "name": "DiscordBotTokenDetector"
    },
    {
      "name": "GitHubTokenDetector"
    },
    {
      "name": "GitLabTokenDetector"
    },
    {
      "name": "HexHighEntropyString",
      "limit": 3.0
    },
    {
      "name": "IbmCloudIamDetector"
    },
    {
      "name": "IbmCosHmacDetector"
    },
    {
      "name": "IPPublicDetector"
    },
    {
      "name": "JwtTokenDetector"
    },
    {
      "name": "KeywordDetector",
      "keyword_exclude": ""
    },
    {
      "name": "MailchimpDetector"
    },
    {
      "name": "NpmDetector"
    },
    {
      "name": "OpenAIDetector"
    },
    {
      "name": "PrivateKeyDetector"
    },
    {
      "name": "PypiTokenDetector"
    },
    {
      "name": "SendGridDetector"
    },
    {
      "name": "SlackDetector"
    },
    {
      "name": "SoftlayerDetector"
    },
    {
      "name": "SquareOAuthDetector"
    },
    {
      "name": "StripeDetector"
    },
    {
      "name": "TelegramBotTokenDetector"
    },
    {
      "name": "TwilioKeyDetector"
    }
  ],
  "filters_used": [
    {
      "path": "detect_secrets.filters.allowlist.is_line_allowlisted"
    },
    {
      "path": "detect_secrets.filters.common.is_baseline_file",
      "filename": ".secrets.baseline"
    },
    {
      "path": "detect_secrets.filters.common.is_ignored_due_to_verification_policies",
      "min_level": 2
    },
    {
      "path": "detect_secrets.filters.heuristic.is_indirect_reference"
    },
    {
      "path": "detect_secrets.filters.heuristic.is_likely_id_string"
    },
    {
      "path": "detect_secrets.filters.heuristic.is_lock_file"
    },
    {
      "path": "detect_secrets.filters.heuristic.is_not_alphanumeric_string"
    },
    {
      "path": "detect_secrets.filters.heuristic.is_potential_uuid"
    },
    {
      "path": "detect_secrets.filters.heuristic.is_prefixed_with_dollar_sign"
    },
    {
      "path": "detect_secrets.filters.heuristic.is_sequential_string"
    },
    {
      "path": "detect_secrets.filters.heuristic.is_swagger_file"
    },
    {
      "path": "detect_secrets.filters.heuristic.is_templated_secret"
    }
  ],
  "results": {
    "src/newsbot/secrets.py": [
      {
        "type": "Private Key",
        "filename": "src/newsbot/secrets.py",
        "hashed_secret": "1348b145fa1a555461c1b790a2f66614781091e9",
        "is_verified": false,
        "line_number": 140
      }
    ],
    "tests/integration/test_cli_live_capabilities.py": [
      {
        "type": "Secret Keyword",
        "filename": "tests/integration/test_cli_live_capabilities.py",
        "hashed_secret": "ac3cd4e02dfd921801c3ab6ff496f45f5f82a680",
        "is_verified": false,
        "line_number": 284
      }
    ],
    "tests/integration/test_sheets_adapter.py": [
      {
        "type": "Secret Keyword",
        "filename": "tests/integration/test_sheets_adapter.py",
        "hashed_secret": "4ac34641b4c962f15b98028859e15137588b5f0d",
        "is_verified": false,
        "line_number": 437
      },
      {
        "type": "Secret Keyword",
        "filename": "tests/integration/test_sheets_adapter.py",
        "hashed_secret": "ac3cd4e02dfd921801c3ab6ff496f45f5f82a680",
        "is_verified": false,
        "line_number": 600
      }
    ],
    "tests/unit/test_manual_workflow.py": [
      {
        "type": "Secret Keyword",
        "filename": "tests/unit/test_manual_workflow.py",
        "hashed_secret": "661ab1e1e56db49e8f1d82b5c0ca3fe8c1aac1a1",
        "is_verified": false,
        "line_number": 63
      }
    ],
    "tests/unit/test_systemd_automation.py": [
      {
        "type": "Hex High Entropy String",
        "filename": "tests/unit/test_systemd_automation.py",
        "hashed_secret": "2b9a57e475286903f31dedcb8014691153239c51",
        "is_verified": false,
        "line_number": 12
      },
      {
        "type": "Hex High Entropy String",
        "filename": "tests/unit/test_systemd_automation.py",
        "hashed_secret": "a992ae6f6f2f1aafe4ebde306083dcdcd9d78396",
        "is_verified": false,
        "line_number": 13
      },
      {
        "type": "Hex High Entropy String",
        "filename": "tests/unit/test_systemd_automation.py",
        "hashed_secret": "4c398ab16c7990b2e90ba61f4ff84c1c32e4483d",
        "is_verified": false,
        "line_number": 14
      }
    ]
  },
  "generated_at": "2026-08-07T08:21:07Z"
}
